../Middlewares/ST/touchgfx/framework/include/touchgfx/Application.hpp:72:18:virtual void touchgfx::Application::changeToStartScreen()	0	static
../Middlewares/ST/touchgfx/framework/include/touchgfx/Application.hpp:91:18:virtual void touchgfx::Application::appSwitchScreen(uint8_t)	0	static
../Middlewares/ST/touchgfx/framework/include/touchgfx/Application.hpp:104:18:virtual void touchgfx::Application::requestRedraw(touchgfx::Rect&)	0	static
../Middlewares/ST/touchgfx/framework/include/touchgfx/transitions/Transition.hpp:72:18:virtual void touchgfx::Transition::tearDown()	0	static
../Middlewares/ST/touchgfx/framework/include/touchgfx/transitions/Transition.hpp:80:18:virtual void touchgfx::Transition::init()	0	static
../Middlewares/ST/touchgfx/framework/include/touchgfx/transitions/Transition.hpp:100:18:virtual void touchgfx::Transition::setScreenContainer(touchgfx::Container&)	0	static
../Middlewares/ST/touchgfx/framework/include/mvp/MVPApplication.hpp:43:7:touchgfx::MVPApplication::~MVPApplication()	0	static
../Middlewares/ST/touchgfx/framework/include/touchgfx/Callback.hpp:424:8:touchgfx::Callback<FrontendApplicationBase>::~Callback()	0	static
../TouchGFX/generated/gui_generated/include/gui_generated/common/FrontendApplicationBase.hpp:16:13:FrontendApplicationBase::~FrontendApplicationBase()	0	static
../TouchGFX/generated/gui_generated/include/gui_generated/common/FrontendApplicationBase.hpp:18:18:virtual void FrontendApplicationBase::changeToStartScreen()	0	static
../Middlewares/ST/touchgfx/framework/include/touchgfx/transitions/NoTransition.hpp:35:18:virtual void touchgfx::NoTransition::handleTickEvent()	0	static
../Middlewares/ST/touchgfx/framework/include/touchgfx/transitions/NoTransition.hpp:31:7:touchgfx::NoTransition::~NoTransition()	0	static
../Middlewares/ST/touchgfx/framework/include/touchgfx/Callback.hpp:449:18:void touchgfx::Callback<dest_type, void, void, void>::execute() [with dest_type = FrontendApplicationBase]	4	static
../Middlewares/ST/touchgfx/framework/include/touchgfx/Callback.hpp:459:18:bool touchgfx::Callback<dest_type, void, void, void>::isValid() const [with dest_type = FrontendApplicationBase]	0	static
../Middlewares/ST/touchgfx/framework/include/touchgfx/transitions/NoTransition.hpp:31:7:virtual touchgfx::NoTransition::~NoTransition()	8	static
../Middlewares/ST/touchgfx/framework/include/touchgfx/Callback.hpp:424:8:virtual touchgfx::Callback<FrontendApplicationBase>::~Callback()	8	static
../Middlewares/ST/touchgfx/framework/include/mvp/MVPApplication.hpp:43:7:virtual touchgfx::MVPApplication::~MVPApplication()	8	static
../TouchGFX/generated/gui_generated/include/gui_generated/common/FrontendApplicationBase.hpp:16:13:virtual FrontendApplicationBase::~FrontendApplicationBase()	8	static
../Middlewares/ST/touchgfx/framework/include/touchgfx/transitions/Transition.hpp:89:18:virtual void touchgfx::Transition::invalidate()	8	static
../Middlewares/ST/touchgfx/framework/include/mvp/MVPApplication.hpp:59:18:virtual void touchgfx::MVPApplication::handlePendingScreenTransition()	8	static
../Middlewares/ST/touchgfx/framework/include/touchgfx/hal/HAL.hpp:268:17:static touchgfx::LCD& touchgfx::HAL::lcd()	0	static
../TouchGFX/generated/gui_generated/src/common/FrontendApplicationBase.cpp:35:1:FrontendApplicationBase::FrontendApplicationBase(Model&, FrontendHeap&)	24	static
../TouchGFX/generated/gui_generated/src/common/FrontendApplicationBase.cpp:54:6:void FrontendApplicationBase::gotoMainScreenNoTransition()	0	static
../TouchGFX/generated/gui_generated/src/common/FrontendApplicationBase.cpp:67:6:void FrontendApplicationBase::gotoScreen1ScreenNoTransition()	0	static
../TouchGFX/generated/gui_generated/src/common/FrontendApplicationBase.cpp:80:6:void FrontendApplicationBase::gotoScreen2ScreenNoTransition()	0	static
../TouchGFX/generated/gui_generated/src/common/FrontendApplicationBase.cpp:93:6:void FrontendApplicationBase::gotoScreen3ScreenNoTransition()	0	static
../TouchGFX/generated/gui_generated/src/common/FrontendApplicationBase.cpp:106:6:void FrontendApplicationBase::gotoScreen4ScreenNoTransition()	0	static
../TouchGFX/generated/gui_generated/src/common/FrontendApplicationBase.cpp:119:6:void FrontendApplicationBase::gotonewtrackScreenNoTransition()	0	static
../TouchGFX/generated/gui_generated/src/common/FrontendApplicationBase.cpp:132:6:void FrontendApplicationBase::gotosettingsScreenNoTransition()	0	static
../TouchGFX/generated/gui_generated/src/common/FrontendApplicationBase.cpp:145:6:void FrontendApplicationBase::gotolanguageScreenNoTransition()	0	static
../TouchGFX/generated/gui_generated/src/common/FrontendApplicationBase.cpp:158:6:void FrontendApplicationBase::gotoScreen6ScreenNoTransition()	0	static
../Middlewares/ST/touchgfx/framework/include/common/AbstractPartition.hpp:135:8:T& touchgfx::AbstractPartition::at(uint16_t) [with T = touchgfx::NoTransition]	0	static
../TouchGFX/generated/gui_generated/src/common/FrontendApplicationBase.cpp:164:6:void FrontendApplicationBase::gotoScreen6ScreenNoTransitionImpl()	40	static
../TouchGFX/generated/gui_generated/src/common/FrontendApplicationBase.cpp:151:6:void FrontendApplicationBase::gotolanguageScreenNoTransitionImpl()	40	static
../TouchGFX/generated/gui_generated/src/common/FrontendApplicationBase.cpp:138:6:void FrontendApplicationBase::gotosettingsScreenNoTransitionImpl()	40	static
../TouchGFX/generated/gui_generated/src/common/FrontendApplicationBase.cpp:125:6:void FrontendApplicationBase::gotonewtrackScreenNoTransitionImpl()	40	static
../TouchGFX/generated/gui_generated/src/common/FrontendApplicationBase.cpp:112:6:void FrontendApplicationBase::gotoScreen4ScreenNoTransitionImpl()	40	static
../TouchGFX/generated/gui_generated/src/common/FrontendApplicationBase.cpp:99:6:void FrontendApplicationBase::gotoScreen3ScreenNoTransitionImpl()	40	static
../TouchGFX/generated/gui_generated/src/common/FrontendApplicationBase.cpp:86:6:void FrontendApplicationBase::gotoScreen2ScreenNoTransitionImpl()	40	static
../TouchGFX/generated/gui_generated/src/common/FrontendApplicationBase.cpp:73:6:void FrontendApplicationBase::gotoScreen1ScreenNoTransitionImpl()	40	static
../TouchGFX/generated/gui_generated/src/common/FrontendApplicationBase.cpp:60:6:void FrontendApplicationBase::gotoMainScreenNoTransitionImpl()	40	static
