../Middlewares/ST/touchgfx/framework/include/touchgfx/Screen.hpp:104:18:virtual void touchgfx::Screen::afterTransition()	0	static
../Middlewares/ST/touchgfx/framework/include/touchgfx/Screen.hpp:144:18:virtual void touchgfx::Screen::handleTickEvent()	0	static
../TouchGFX/gui/src/screen1_2_screen/Screen1_2View.cpp:13:6:virtual void Screen1_2View::tearDownScreen()	0	static
../TouchGFX/gui/include/gui/screen1_2_screen/Screen1_2View.hpp:11:13:Screen1_2View::~Screen1_2View()	8	static
../TouchGFX/gui/include/gui/screen1_2_screen/Screen1_2View.hpp:11:13:virtual Screen1_2View::~Screen1_2View()	8	static
../TouchGFX/gui/src/screen1_2_screen/Screen1_2View.cpp:3:1:Screen1_2View::Screen1_2View()	8	static
../TouchGFX/gui/src/screen1_2_screen/Screen1_2View.cpp:8:6:virtual void Screen1_2View::setupScreen()	0	static
