../Middlewares/ST/touchgfx/framework/include/platform/driver/button/ButtonController.hpp:48:18:virtual void touchgfx::ButtonController::reset()	0	static
../Core/Src/myButtonController.cpp:18:6:virtual void myButtonController::init()	0	static
../Core/Src/myButtonController.cpp:23:6:virtual bool myButtonController::sample(uint8_t&)	0	static
../Core/Inc/myButtonController.hpp:6:7:myButtonController::~myButtonController()	0	static
../Core/Inc/myButtonController.hpp:6:7:virtual myButtonController::~myButtonController()	8	static
