../Drivers/STM32WBxx_HAL_Driver/Inc/stm32wbxx_ll_bus.h:539:22:LL_AHB2_GRP1_EnableClock	24	static
../Drivers/STM32WBxx_HAL_Driver/Inc/stm32wbxx_ll_bus.h:744:22:LL_AHB3_GRP1_EnableClock	24	static
../Drivers/STM32WBxx_HAL_Driver/Inc/stm32wbxx_ll_bus.h:798:22:LL_AHB3_GRP1_DisableClock	16	static
../Core/Src/quadspi.c:33:6:MX_QUADSPI_Init	8	static
../Core/Src/quadspi.c:60:6:HAL_QSPI_MspInit	40	static
../Core/Src/quadspi.c:102:6:HAL_QSPI_MspDeInit	16	static
../Core/Src/quadspi.c:133:9:CSP_QUADSPI_Init	8	static
../Core/Src/quadspi.c:172:9:CSP_QSPI_Erase_Chip	64	static
../Core/Src/quadspi.c:203:9:QSPI_AutoPollingMemReady	88	static
../Core/Src/quadspi.c:233:16:QSPI_WriteEnable	88	static
../Core/Src/quadspi.c:274:9:QSPI_Configuration	72	static
../Core/Src/quadspi.c:365:9:CSP_QSPI_EraseBlock	72	static
../Core/Src/quadspi.c:395:9:CSP_QSPI_EraseSector	72	static
../Core/Src/quadspi.c:437:9:CSP_QSPI_WriteMemory	88	static
../Core/Src/quadspi.c:551:9:CSP_QSPI_EnableMemoryMappedMode	72	static
../Core/Src/quadspi.c:583:9:QSPI_ResetChip	72	static,ignoring_inline_asm
../Core/Src/quadspi.c:627:9:CSP_QSPI_Read	80	static
