../Middlewares/ST/touchgfx/framework/include/touchgfx/Screen.hpp:104:18:virtual void touchgfx::Screen::afterTransition()	0	static
../Middlewares/ST/touchgfx/framework/include/touchgfx/Screen.hpp:115:18:virtual void touchgfx::Screen::tearDownScreen()	0	static
../Middlewares/ST/touchgfx/framework/include/touchgfx/Screen.hpp:144:18:virtual void touchgfx::Screen::handleTickEvent()	0	static
../TouchGFX/gui/src/main_screen/MainView.cpp:10:6:virtual void MainView::setupScreen()	0	static
../TouchGFX/gui/src/main_screen/MainView.cpp:15:6:virtual void MainView::increaseValue()	0	static
../TouchGFX/gui/src/main_screen/MainView.cpp:21:6:virtual void MainView::decreaseValue()	0	static
../TouchGFX/gui/include/gui/main_screen/MainView.hpp:11:5:MainView::~MainView()	8	static
../TouchGFX/gui/include/gui/main_screen/MainView.hpp:11:5:virtual MainView::~MainView()	8	static
../TouchGFX/gui/src/main_screen/MainView.cpp:8:1:MainView::MainView()	8	static
