../TouchGFX/gui/include/gui/model/ModelListener.hpp:31:18:virtual void ModelListener::check_buttons(uint8_t)	0	static
../TouchGFX/gui/include/gui/screen2_1_screen/Screen2_1Presenter.hpp:28:13:Screen2_1Presenter::~Screen2_1Presenter()	0	static
../TouchGFX/gui/src/screen2_1_screen/Screen2_1Presenter.cpp:10:6:virtual void Screen2_1Presenter::activate()	0	static
../TouchGFX/gui/include/gui/screen2_1_screen/Screen2_1Presenter.hpp:28:13:virtual Screen2_1Presenter::~Screen2_1Presenter()	8	static
../TouchGFX/gui/include/gui/screen2_1_screen/Screen2_1Presenter.hpp:28:13:virtual void* Screen2_1Presenter::_ZThn4_N18Screen2_1PresenterD1Ev()	0	static
../TouchGFX/gui/src/screen2_1_screen/Screen2_1Presenter.cpp:4:1:Screen2_1Presenter::Screen2_1Presenter(Screen2_1View&)	0	static
