../Middlewares/ST/touchgfx/framework/include/touchgfx/Screen.hpp:104:18:virtual void touchgfx::Screen::afterTransition()	0	static
../Middlewares/ST/touchgfx/framework/include/touchgfx/Screen.hpp:144:18:virtual void touchgfx::Screen::handleTickEvent()	0	static
../TouchGFX/gui/src/screen2_1_screen/Screen2_1View.cpp:13:6:virtual void Screen2_1View::tearDownScreen()	0	static
../TouchGFX/gui/include/gui/screen2_1_screen/Screen2_1View.hpp:11:13:Screen2_1View::~Screen2_1View()	8	static
../TouchGFX/gui/include/gui/screen2_1_screen/Screen2_1View.hpp:11:13:virtual Screen2_1View::~Screen2_1View()	8	static
../TouchGFX/gui/src/screen2_1_screen/Screen2_1View.cpp:3:1:Screen2_1View::Screen2_1View()	8	static
../TouchGFX/gui/src/screen2_1_screen/Screen2_1View.cpp:8:6:virtual void Screen2_1View::setupScreen()	0	static
