../TouchGFX/gui/include/gui/model/ModelListener.hpp:31:18:virtual void ModelListener::check_buttons(uint8_t)	0	static
../TouchGFX/gui/include/gui/newtrack_1_screen/newtrack_1Presenter.hpp:28:13:newtrack_1Presenter::~newtrack_1Presenter()	0	static
../TouchGFX/gui/src/newtrack_1_screen/newtrack_1Presenter.cpp:10:6:virtual void newtrack_1Presenter::activate()	0	static
../TouchGFX/gui/include/gui/newtrack_1_screen/newtrack_1Presenter.hpp:28:13:virtual newtrack_1Presenter::~newtrack_1Presenter()	8	static
../TouchGFX/gui/include/gui/newtrack_1_screen/newtrack_1Presenter.hpp:28:13:virtual void* newtrack_1Presenter::_ZThn4_N19newtrack_1PresenterD1Ev()	0	static
../TouchGFX/gui/src/newtrack_1_screen/newtrack_1Presenter.cpp:4:1:newtrack_1Presenter::newtrack_1Presenter(newtrack_1View&)	0	static
