../Middlewares/ST/STM32_WPAN/ble/core/auto/ble_hal_aci.c:20:12:aci_hal_write_config_data	312	static
../Middlewares/ST/STM32_WPAN/ble/core/auto/ble_hal_aci.c:47:12:aci_hal_read_config_data	568	static
../Middlewares/ST/STM32_WPAN/ble/core/auto/ble_hal_aci.c:75:12:aci_hal_set_tx_power_level	312	static
../Middlewares/ST/STM32_WPAN/ble/core/auto/ble_hal_aci.c:99:12:aci_hal_le_tx_test_packet_number	48	static
../Middlewares/ST/STM32_WPAN/ble/core/auto/ble_hal_aci.c:117:12:aci_hal_tone_start	312	static
../Middlewares/ST/STM32_WPAN/ble/core/auto/ble_hal_aci.c:141:12:aci_hal_tone_stop	40	static
../Middlewares/ST/STM32_WPAN/ble/core/auto/ble_hal_aci.c:155:12:aci_hal_get_link_status	72	static
../Middlewares/ST/STM32_WPAN/ble/core/auto/ble_hal_aci.c:175:12:aci_hal_set_radio_activity_mask	312	static
../Middlewares/ST/STM32_WPAN/ble/core/auto/ble_hal_aci.c:196:12:aci_hal_get_anchor_period	56	static
../Middlewares/ST/STM32_WPAN/ble/core/auto/ble_hal_aci.c:216:12:aci_hal_set_event_mask	312	static
../Middlewares/ST/STM32_WPAN/ble/core/auto/ble_hal_aci.c:237:12:aci_hal_set_peripheral_latency	312	static
../Middlewares/ST/STM32_WPAN/ble/core/auto/ble_hal_aci.c:258:12:aci_hal_read_rssi	48	static
../Middlewares/ST/STM32_WPAN/ble/core/auto/ble_hal_aci.c:276:12:aci_hal_ead_encrypt_decrypt	576	static
../Middlewares/ST/STM32_WPAN/ble/core/auto/ble_hal_aci.c:316:12:aci_hal_read_radio_reg	312	static
../Middlewares/ST/STM32_WPAN/ble/core/auto/ble_hal_aci.c:342:12:aci_hal_write_radio_reg	312	static
../Middlewares/ST/STM32_WPAN/ble/core/auto/ble_hal_aci.c:366:12:aci_hal_read_raw_rssi	48	static
../Middlewares/ST/STM32_WPAN/ble/core/auto/ble_hal_aci.c:384:12:aci_hal_rx_start	312	static
../Middlewares/ST/STM32_WPAN/ble/core/auto/ble_hal_aci.c:405:12:aci_hal_rx_stop	40	static
../Middlewares/ST/STM32_WPAN/ble/core/auto/ble_hal_aci.c:419:12:aci_reset	312	static
../Middlewares/ST/STM32_WPAN/ble/core/auto/ble_hal_aci.c:443:12:aci_get_information	80	static
../Middlewares/ST/STM32_WPAN/ble/core/auto/ble_hal_aci.c:465:12:aci_write_config_data	312	static
../Middlewares/ST/STM32_WPAN/ble/core/auto/ble_hal_aci.c:492:12:aci_read_config_data	568	static
