../Middlewares/ST/touchgfx/framework/include/touchgfx/Screen.hpp:104:18:virtual void touchgfx::Screen::afterTransition()	0	static
../Middlewares/ST/touchgfx/framework/include/touchgfx/Screen.hpp:144:18:virtual void touchgfx::Screen::handleTickEvent()	0	static
../TouchGFX/gui/src/screen2_screen/Screen2View.cpp:13:6:virtual void Screen2View::tearDownScreen()	0	static
../TouchGFX/gui/include/gui/screen2_screen/Screen2View.hpp:11:13:Screen2View::~Screen2View()	8	static
../TouchGFX/gui/include/gui/screen2_screen/Screen2View.hpp:11:13:virtual Screen2View::~Screen2View()	8	static
../TouchGFX/gui/src/screen2_screen/Screen2View.cpp:3:1:Screen2View::Screen2View()	8	static
../TouchGFX/gui/src/screen2_screen/Screen2View.cpp:8:6:virtual void Screen2View::setupScreen()	0	static
../TouchGFX/gui/src/screen2_screen/Screen2View.cpp:18:6:virtual void Screen2View::check_buttons(uint8_t)	16	static
