../Middlewares/ST/touchgfx/framework/include/touchgfx/Screen.hpp:104:18:virtual void touchgfx::Screen::afterTransition()	0	static
../Middlewares/ST/touchgfx/framework/include/touchgfx/Screen.hpp:144:18:virtual void touchgfx::Screen::handleTickEvent()	0	static
../Middlewares/ST/touchgfx/framework/include/touchgfx/Screen.hpp:154:18:virtual void touchgfx::Screen::handleKeyEvent(uint8_t)	0	static
../TouchGFX/gui/src/screen6_screen/Screen6View.cpp:18:6:virtual void Screen6View::tearDownScreen()	0	static
../TouchGFX/gui/include/gui/screen6_screen/Screen6View.hpp:11:13:Screen6View::~Screen6View()	8	static
../TouchGFX/gui/include/gui/screen6_screen/Screen6View.hpp:11:13:virtual Screen6View::~Screen6View()	8	static
../TouchGFX/gui/src/screen6_screen/Screen6View.cpp:8:1:Screen6View::Screen6View()	8	static
../TouchGFX/gui/src/screen6_screen/Screen6View.cpp:13:6:virtual void Screen6View::setupScreen()	0	static
../TouchGFX/gui/src/screen6_screen/Screen6View.cpp:23:6:virtual void Screen6View::check_buttons(uint8_t)	16	static
