../TouchGFX/gui/include/gui/screen6_screen/Screen6Presenter.hpp:28:13:Screen6Presenter::~Screen6Presenter()	0	static
../TouchGFX/gui/src/screen6_screen/Screen6Presenter.cpp:10:6:virtual void Screen6Presenter::activate()	0	static
../TouchGFX/gui/src/screen6_screen/Screen6Presenter.cpp:20:6:virtual void Screen6Presenter::check_buttons(uint8_t)	0	static
../TouchGFX/gui/include/gui/screen6_screen/Screen6Presenter.hpp:28:13:virtual Screen6Presenter::~Screen6Presenter()	8	static
../TouchGFX/gui/include/gui/screen6_screen/Screen6Presenter.hpp:28:13:virtual void* Screen6Presenter::_ZThn4_N16Screen6PresenterD1Ev()	0	static
../TouchGFX/gui/src/screen6_screen/Screen6Presenter.cpp:4:1:Screen6Presenter::Screen6Presenter(Screen6View&)	0	static
