../Middlewares/ST/touchgfx/framework/include/touchgfx/Screen.hpp:104:18:virtual void touchgfx::Screen::afterTransition()	0	static
../Middlewares/ST/touchgfx/framework/include/touchgfx/Screen.hpp:144:18:virtual void touchgfx::Screen::handleTickEvent()	0	static
../TouchGFX/gui/src/screen4_screen/Screen4View.cpp:13:6:virtual void Screen4View::tearDownScreen()	0	static
../TouchGFX/gui/include/gui/screen4_screen/Screen4View.hpp:11:13:Screen4View::~Screen4View()	8	static
../TouchGFX/gui/include/gui/screen4_screen/Screen4View.hpp:11:13:virtual Screen4View::~Screen4View()	8	static
../TouchGFX/gui/src/screen4_screen/Screen4View.cpp:3:1:Screen4View::Screen4View()	8	static
../TouchGFX/gui/src/screen4_screen/Screen4View.cpp:8:6:virtual void Screen4View::setupScreen()	0	static
