../TouchGFX/gui/include/gui/model/ModelListener.hpp:31:18:virtual void ModelListener::check_buttons(uint8_t)	0	static
../TouchGFX/gui/include/gui/screen4_screen/Screen4Presenter.hpp:28:13:Screen4Presenter::~Screen4Presenter()	0	static
../TouchGFX/gui/src/screen4_screen/Screen4Presenter.cpp:10:6:virtual void Screen4Presenter::activate()	0	static
../TouchGFX/gui/include/gui/screen4_screen/Screen4Presenter.hpp:28:13:virtual Screen4Presenter::~Screen4Presenter()	8	static
../TouchGFX/gui/include/gui/screen4_screen/Screen4Presenter.hpp:28:13:virtual void* Screen4Presenter::_ZThn4_N16Screen4PresenterD1Ev()	0	static
../TouchGFX/gui/src/screen4_screen/Screen4Presenter.cpp:4:1:Screen4Presenter::Screen4Presenter(Screen4View&)	0	static
