../STM32_WPAN/App/custom_app.c:95:6:Custom_STM_App_Notification	16	static
../STM32_WPAN/App/custom_app.c:149:6:Custom_APP_Notification	16	static
../STM32_WPAN/App/custom_app.c:186:6:Custom_APP_Init	8	static
../STM32_WPAN/App/custom_app.c:206:13:Custom_My_gps_Update_Char	16	static
../STM32_WPAN/App/custom_app.c:225:6:Custom_My_gps_Send_Notification	16	static
../STM32_WPAN/App/custom_app.c:249:13:Custom_La_dat_Update_Char	16	static
../STM32_WPAN/App/custom_app.c:268:6:Custom_La_dat_Send_Notification	16	static
../STM32_WPAN/App/custom_app.c:289:6:myTask	8	static
