../TouchGFX/gui/include/gui/model/ModelListener.hpp:31:18:virtual void ModelListener::check_buttons(uint8_t)	0	static
../TouchGFX/gui/include/gui/screen1_4_screen/Screen1_4Presenter.hpp:28:13:Screen1_4Presenter::~Screen1_4Presenter()	0	static
../TouchGFX/gui/src/screen1_4_screen/Screen1_4Presenter.cpp:10:6:virtual void Screen1_4Presenter::activate()	0	static
../TouchGFX/gui/include/gui/screen1_4_screen/Screen1_4Presenter.hpp:28:13:virtual Screen1_4Presenter::~Screen1_4Presenter()	8	static
../TouchGFX/gui/include/gui/screen1_4_screen/Screen1_4Presenter.hpp:28:13:virtual void* Screen1_4Presenter::_ZThn4_N18Screen1_4PresenterD1Ev()	0	static
../TouchGFX/gui/src/screen1_4_screen/Screen1_4Presenter.cpp:4:1:Screen1_4Presenter::Screen1_4Presenter(Screen1_4View&)	0	static
