../Middlewares/ST/touchgfx/framework/include/touchgfx/Screen.hpp:104:18:virtual void touchgfx::Screen::afterTransition()	0	static
../Middlewares/ST/touchgfx/framework/include/touchgfx/Screen.hpp:144:18:virtual void touchgfx::Screen::handleTickEvent()	0	static
../Middlewares/ST/touchgfx/framework/include/touchgfx/Screen.hpp:154:18:virtual void touchgfx::Screen::handleKeyEvent(uint8_t)	0	static
../TouchGFX/generated/gui_generated/include/gui_generated/language_screen/languageViewBase.hpp:23:18:virtual void languageViewBase::action1()	0	static
../TouchGFX/gui/src/language_screen/languageView.cpp:13:6:virtual void languageView::tearDownScreen()	0	static
../TouchGFX/gui/include/gui/language_screen/languageView.hpp:11:13:languageView::~languageView()	8	static
../TouchGFX/gui/include/gui/language_screen/languageView.hpp:11:13:virtual languageView::~languageView()	8	static
../TouchGFX/gui/src/language_screen/languageView.cpp:3:1:languageView::languageView()	8	static
../TouchGFX/gui/src/language_screen/languageView.cpp:8:6:virtual void languageView::setupScreen()	0	static
../TouchGFX/gui/src/language_screen/languageView.cpp:19:6:virtual void languageView::check_buttons(uint8_t)	8	static
