../Core/Src/main.c:121:6:gps_data_process	8	static
../Core/Src/main.c:145:5:main	16	static
../Core/Src/main.c:292:6:SystemClock_Config	112	static
../Core/Src/main.c:348:6:PeriphCommonClock_Config	88	static
../Core/Src/main.c:369:6:HAL_UART_RxCpltCallback	16	static
../Core/Src/main.c:378:6:HAL_GPIO_EXTI_Callback	24	static
../Core/Src/main.c:398:6:set_flag	16	static
../Core/Src/main.c:403:6:clear_flag	16	static
../Core/Src/main.c:408:10:read_flag	16	static
../Core/Src/main.c:429:6:Error_Handler	4	static,ignoring_inline_asm
