../Core/Src/serial.c:41:6:serial_comm_process	16	static
../Core/Src/serial.c:54:6:UART_1_LineReader_Init	8	static
../Core/Src/serial.c:78:19:usart_send_message	16	static
../Core/Src/serial.c:86:6:transmit_messages_process	8	static
../Core/Src/serial.c:125:6:received_messages_process	16	static
../Core/Src/serial.c:174:9:check_messages_flags	4	static
../Core/Src/serial.c:190:9:UART_1_LineAvailable	8	static
../Core/Src/serial.c:196:7:UART_1_GetLine	8	static
../Core/Src/serial.c:203:6:extract_gps_data	32	static
../Core/Src/serial.c:230:9:extract_no_of_tracks	24	static
../Core/Src/serial.c:241:6:format_track_names	16	static
