../Core/Src/stm32wbxx_it.c:75:6:NMI_Handler	8	static
../Core/Src/stm32wbxx_it.c:91:6:HardFault_Handler	4	static
../Core/Src/stm32wbxx_it.c:106:6:MemManage_Handler	4	static
../Core/Src/stm32wbxx_it.c:121:6:BusFault_Handler	4	static
../Core/Src/stm32wbxx_it.c:136:6:UsageFault_Handler	4	static
../Core/Src/stm32wbxx_it.c:151:6:SVC_Handler	4	static
../Core/Src/stm32wbxx_it.c:164:6:DebugMon_Handler	4	static
../Core/Src/stm32wbxx_it.c:177:6:PendSV_Handler	4	static
../Core/Src/stm32wbxx_it.c:190:6:SysTick_Handler	8	static
../Core/Src/stm32wbxx_it.c:211:6:RTC_WKUP_IRQHandler	8	static
../Core/Src/stm32wbxx_it.c:225:6:EXTI0_IRQHandler	8	static
../Core/Src/stm32wbxx_it.c:239:6:EXTI1_IRQHandler	8	static
../Core/Src/stm32wbxx_it.c:253:6:EXTI3_IRQHandler	8	static
../Core/Src/stm32wbxx_it.c:267:6:DMA1_Channel1_IRQHandler	8	static
../Core/Src/stm32wbxx_it.c:281:6:DMA1_Channel2_IRQHandler	8	static
../Core/Src/stm32wbxx_it.c:295:6:SPI1_IRQHandler	8	static
../Core/Src/stm32wbxx_it.c:309:6:USART1_IRQHandler	8	static
../Core/Src/stm32wbxx_it.c:325:6:EXTI15_10_IRQHandler	8	static
../Core/Src/stm32wbxx_it.c:339:6:IPCC_C1_RX_IRQHandler	8	static
../Core/Src/stm32wbxx_it.c:353:6:IPCC_C1_TX_IRQHandler	8	static
../Core/Src/stm32wbxx_it.c:367:6:HSEM_IRQHandler	8	static
